📦 开始加载路由模块...
✅ uploadRoutes 加载完成
✅ supplierRoutes 加载完成
📦 正在加载 suppliers.js 路由文件...
✅ suppliers.js 路由文件加载完成
✅ suppliersRoutes 加载完成
✅ comparisonRoutes 加载完成
✅ dataSourceRoutes 加载完成
✅ supplierSearchRoutes 加载完成
✅ documentRoutes 加载完成
✅ suppliersTreeRoutes 加载完成
✅ materialsRoutes 加载完成
✅ documentsUploadRoutes 加载完成
✅ suppliersSummaryRoutes 加载完成
✅ suppliersSyncRoutes 加载完成
✅ vendorsRoutes 加载完成
✅ documentTypesRoutes 加载完成
✅ systemRoutes 加载完成
✅ evaluationsRoutes 加载完成
✅ evaluationConfigRoutes 加载完成
✅ dashboardRoutes 加载完成
🔧 开始注册API路由...
✅ /api/* 路由已注册 (upload)
✅ /api/* 路由已注册 (supplier)
✅ /api/* 路由已注册 (comparison)
✅ /api/* 路由已注册 (data-source)
✅ /api/* 路由已注册 (supplier-search)
✅ /api/documents/upload 路由已注册 (documents-upload)
✅ /api/suppliers/tree 路由已注册 (suppliers-tree)
✅ /api/suppliers/summary 路由已注册 (suppliers-summary)
✅ /api/suppliers/sync-from-iqc 路由已注册 (suppliers-sync)
✅ /api/vendors/* 路由已注册 (vendors)
✅ /api/suppliers/* 路由已注册 (suppliers，包含 /:id)
✅ /api/materials/* 路由已注册 (materials)
✅ /api/documents/* 路由已注册 (documents)
✅ /api/document-types/* 路由已注册 (document-types)
✅ /api/system/* 路由已注册 (system)
✅ /api/evaluation-config/* 路由已注册 (evaluation-config)
✅ /api/evaluations/* 路由已注册 (evaluations)
✅ /api/dashboard/* 路由已注册 (dashboard)
🎉 所有API路由注册完成
[32minfo[39m: 数据库连接成功 (SQLite) {"timestamp":"2026-03-01 02:01:02"}
[32minfo[39m: 数据库路径: /Users/owen/ai项目/sqe/server/data/sqe_database.sqlite {"timestamp":"2026-03-01 02:01:02"}
🗄️ 数据库连接成功，使用路径: /Users/owen/ai项目/sqe/server/data/sqe_database.sqlite
[32minfo[39m: 数据库模型已同步 {"timestamp":"2026-03-01 02:01:02"}
数据库已同步
SQE数据分析助手服务器运行在端口 8888
访问 http://localhost:8888 开始使用
📋 获取文档类型列表...
✅ 返回 8 个文档类型
[32minfo[39m: 获取评价配置成功 {"timestamp":"2026-03-01 02:01:03"}
🌐 2026-02-28T18:01:03.568Z - GET /api/auth/verify
🌐 2026-02-28T18:01:03.568Z - GET /api/auth/verify
[32minfo[39m: 获取年度评价配置成功 {"timestamp":"2026-03-01 02:01:03"}
[32minfo[39m: 📊 统计数据API调用，data_type参数: purchase {"timestamp":"2026-03-01 02:01:03"}
[32minfo[39m: 📊 查询条件: {"data_type":"purchase","timestamp":"2026-03-01 02:01:03"}
[32minfo[39m: 📊 按类型筛选的供应商数: 45 {"timestamp":"2026-03-01 02:01:03"}
[32minfo[39m: 获取评价配置成功 {"timestamp":"2026-03-01 02:01:03"}
[32minfo[39m: 获取评价配置成功 {"timestamp":"2026-03-01 02:01:03"}
[32minfo[39m: 获取评价配置成功 {"timestamp":"2026-03-01 02:01:03"}
[32minfo[39m: 获取评价配置成功 {"timestamp":"2026-03-01 02:01:03"}
📋 获取文档类型列表...
✅ 返回 8 个文档类型
🌐 2026-02-28T18:01:03.748Z - GET /api/auth/verify
[32minfo[39m: 获取评价配置成功 {"timestamp":"2026-03-01 02:01:03"}
🌐 2026-02-28T18:01:03.749Z - GET /api/auth/verify
[32minfo[39m: 获取年度评价配置成功 {"timestamp":"2026-03-01 02:01:03"}
[32minfo[39m: 📊 统计数据API调用，data_type参数: purchase {"timestamp":"2026-03-01 02:01:03"}
[32minfo[39m: 📊 查询条件: {"data_type":"purchase","timestamp":"2026-03-01 02:01:03"}
[32minfo[39m: 📊 按类型筛选的供应商数: 45 {"timestamp":"2026-03-01 02:01:03"}
[32minfo[39m: 获取评价配置成功 {"timestamp":"2026-03-01 02:01:03"}
[32minfo[39m: 获取评价配置成功 {"timestamp":"2026-03-01 02:01:03"}
[32minfo[39m: 获取评价配置成功 {"timestamp":"2026-03-01 02:01:03"}
[32minfo[39m: 获取评价配置成功 {"timestamp":"2026-03-01 02:01:03"}
📋 获取文档类型列表...
✅ 返回 8 个文档类型
🌐 2026-02-28T18:01:15.664Z - GET /api/auth/verify
[32minfo[39m: 获取评价配置成功 {"timestamp":"2026-03-01 02:01:15"}
🌐 2026-02-28T18:01:15.665Z - GET /api/auth/verify
[32minfo[39m: 获取年度评价配置成功 {"timestamp":"2026-03-01 02:01:15"}
[32minfo[39m: 📊 统计数据API调用，data_type参数: purchase {"timestamp":"2026-03-01 02:01:15"}
[32minfo[39m: 📊 查询条件: {"data_type":"purchase","timestamp":"2026-03-01 02:01:15"}
[32minfo[39m: 📊 按类型筛选的供应商数: 45 {"timestamp":"2026-03-01 02:01:15"}
[32minfo[39m: 获取评价配置成功 {"timestamp":"2026-03-01 02:01:15"}
[32minfo[39m: 获取评价配置成功 {"timestamp":"2026-03-01 02:01:15"}
[32minfo[39m: 获取评价配置成功 {"timestamp":"2026-03-01 02:01:15"}
[32minfo[39m: 获取评价配置成功 {"timestamp":"2026-03-01 02:01:15"}
[32minfo[39m: 周度统计: 本周(2026-02-20~2026-02-26) 数据量=0, 上周(2026-02-13~2026-02-19) 数据量=0 {"timestamp":"2026-03-01 02:01:19"}
[32minfo[39m: 周度统计: 本周(2026-02-20~2026-02-26) 数据量=0, 上周(2026-02-13~2026-02-19) 数据量=0 {"timestamp":"2026-03-01 02:01:19"}
[32minfo[39m: 周度统计: 本周(2026-02-20~2026-02-26) 数据量=0, 上周(2026-02-13~2026-02-19) 数据量=0 {"timestamp":"2026-03-01 02:01:19"}
external 可用年份: [ '2025' ]
purchase 可用年份: [ '2025' ]
📋 获取文档类型列表...
✅ 返回 5 个文档类型
📋 获取文档类型列表...
✅ 返回 5 个文档类型
📋 获取文档类型列表...
✅ 返回 5 个文档类型
📋 获取文档类型列表...
✅ 返回 5 个文档类型
📋 获取文档类型列表...
✅ 返回 5 个文档类型
📋 获取文档类型列表...
✅ 返回 5 个文档类型
📋 获取文档类型列表...
✅ 返回 8 个文档类型
🌐 2026-02-28T18:03:16.061Z - GET /api/auth/verify
🌐 2026-02-28T18:03:16.062Z - GET /api/auth/verify
[32minfo[39m: 获取评价配置成功 {"timestamp":"2026-03-01 02:03:16"}
[32minfo[39m: 获取年度评价配置成功 {"timestamp":"2026-03-01 02:03:16"}
[32minfo[39m: 📊 统计数据API调用，data_type参数: purchase {"timestamp":"2026-03-01 02:03:16"}
[32minfo[39m: 📊 查询条件: {"data_type":"purchase","timestamp":"2026-03-01 02:03:16"}
[32minfo[39m: 📊 按类型筛选的供应商数: 45 {"timestamp":"2026-03-01 02:03:16"}
[32minfo[39m: 获取评价配置成功 {"timestamp":"2026-03-01 02:03:16"}
[32minfo[39m: 获取评价配置成功 {"timestamp":"2026-03-01 02:03:16"}
[32minfo[39m: 获取评价配置成功 {"timestamp":"2026-03-01 02:03:16"}
[32minfo[39m: 获取评价配置成功 {"timestamp":"2026-03-01 02:03:16"}
📋 获取文档类型列表...
✅ 返回 5 个文档类型
📋 获取文档类型列表...
✅ 返回 5 个文档类型
📋 获取文档类型列表...
✅ 返回 5 个文档类型
📋 获取文档类型列表...
✅ 返回 5 个文档类型
📋 获取文档类型列表...
✅ 返回 3 个文档类型
📋 获取文档类型列表...
✅ 返回 3 个文档类型
📋 获取文档类型列表...
✅ 返回 3 个文档类型
📋 获取文档类型列表...
✅ 返回 3 个文档类型
📋 获取文档类型列表...
✅ 返回 5 个文档类型
📋 获取文档类型列表...
✅ 返回 5 个文档类型
📋 获取文档类型列表...
✅ 返回 5 个文档类型
📋 获取文档类型列表...
✅ 返回 8 个文档类型
🌐 2026-02-28T18:08:22.498Z - GET /api/auth/verify
🌐 2026-02-28T18:08:22.500Z - GET /api/auth/verify
[32minfo[39m: 获取评价配置成功 {"timestamp":"2026-03-01 02:08:22"}
[32minfo[39m: 获取年度评价配置成功 {"timestamp":"2026-03-01 02:08:22"}
[32minfo[39m: 📊 统计数据API调用，data_type参数: purchase {"timestamp":"2026-03-01 02:08:22"}
[32minfo[39m: 📊 查询条件: {"data_type":"purchase","timestamp":"2026-03-01 02:08:22"}
[32minfo[39m: 📊 按类型筛选的供应商数: 45 {"timestamp":"2026-03-01 02:08:22"}
[32minfo[39m: 获取评价配置成功 {"timestamp":"2026-03-01 02:08:22"}
[32minfo[39m: 获取评价配置成功 {"timestamp":"2026-03-01 02:08:22"}
[32minfo[39m: 获取评价配置成功 {"timestamp":"2026-03-01 02:08:22"}
[32minfo[39m: 获取评价配置成功 {"timestamp":"2026-03-01 02:08:22"}
📋 获取文档类型列表...
✅ 返回 8 个文档类型
🌐 2026-02-28T18:16:18.310Z - GET /api/auth/verify
🌐 2026-02-28T18:16:18.311Z - GET /api/auth/verify
[32minfo[39m: 获取评价配置成功 {"timestamp":"2026-03-01 02:16:18"}
[32minfo[39m: 📊 统计数据API调用，data_type参数: purchase {"timestamp":"2026-03-01 02:16:18"}
[32minfo[39m: 📊 查询条件: {"data_type":"purchase","timestamp":"2026-03-01 02:16:18"}
[32minfo[39m: 📊 按类型筛选的供应商数: 45 {"timestamp":"2026-03-01 02:16:18"}
[32minfo[39m: 获取年度评价配置成功 {"timestamp":"2026-03-01 02:16:18"}
[32minfo[39m: 获取评价配置成功 {"timestamp":"2026-03-01 02:16:18"}
[32minfo[39m: 获取评价配置成功 {"timestamp":"2026-03-01 02:16:18"}
[32minfo[39m: 获取评价配置成功 {"timestamp":"2026-03-01 02:16:18"}
[32minfo[39m: 获取评价配置成功 {"timestamp":"2026-03-01 02:16:18"}
📋 获取文档类型列表...
✅ 返回 8 个文档类型
🌐 2026-02-28T18:16:36.291Z - GET /api/auth/verify
[32minfo[39m: 获取评价配置成功 {"timestamp":"2026-03-01 02:16:36"}
🌐 2026-02-28T18:16:36.293Z - GET /api/auth/verify
[32minfo[39m: 获取年度评价配置成功 {"timestamp":"2026-03-01 02:16:36"}
[32minfo[39m: 📊 统计数据API调用，data_type参数: purchase {"timestamp":"2026-03-01 02:16:36"}
[32minfo[39m: 📊 查询条件: {"data_type":"purchase","timestamp":"2026-03-01 02:16:36"}
[32minfo[39m: 📊 按类型筛选的供应商数: 45 {"timestamp":"2026-03-01 02:16:36"}
[32minfo[39m: 获取评价配置成功 {"timestamp":"2026-03-01 02:16:36"}
[32minfo[39m: 获取评价配置成功 {"timestamp":"2026-03-01 02:16:36"}
[32minfo[39m: 获取评价配置成功 {"timestamp":"2026-03-01 02:16:36"}
[32minfo[39m: 获取评价配置成功 {"timestamp":"2026-03-01 02:16:36"}
📋 获取文档类型列表...
✅ 返回 5 个文档类型
📋 获取文档类型列表...
✅ 返回 5 个文档类型
📂 请求打开文件夹: /Users/owen/ai项目/sqe/资料档案/百川兴/通用资料/百川兴_质量保证协议_v1_2026-02-27.xlsx
🔍 文件存在性检查 (原生fs): true
🔍 文件存在性检查 (fs-extra): true
✅ 文件夹已打开: /Users/owen/ai项目/sqe/资料档案/百川兴/通用资料
📋 获取文档类型列表...
✅ 返回 5 个文档类型
📋 获取文档类型列表...
✅ 返回 5 个文档类型
📋 获取文档类型列表...
✅ 返回 5 个文档类型
📋 获取文档类型列表...
✅ 返回 5 个文档类型
📋 获取文档类型列表...
✅ 返回 5 个文档类型
✅ 资料类型验证通过: doc_type_002 (common)
🆕 新资料类型，从版本1开始: doc_type_002
🔍 检查物料信息: materialId=undefined
⚠️ materialId为空
✅ 从动态配置获取类型名称: doc_type_002 -> MSDS安全数据表
🔍 检查构成信息: detectionType=undefined, componentId=undefined
📊 准备插入数据库记录: {
  supplierId: '30',
  level: 'supplier',
  documentType: 'doc_type_002',
  documentName: '2025年交付业绩汇总.xlsx',
  filePath: '/Users/owen/ai项目/sqe/资料档案/百川兴/通用资料/百川兴_MSDS安全数据表_v1_2026-02-28.xlsx',
  fileSize: 8234,
  version: 1
}
📊 数据库插入结果: {
  changes: 1,
  documentId: 2,
  result: [ undefined, Statement { lastID: 2, changes: 1 } ]
}
📋 获取文档类型列表...
✅ 返回 5 个文档类型
📋 获取文档类型列表...
✅ 返回 8 个文档类型
🌐 2026-02-28T18:21:08.132Z - GET /api/auth/verify
🌐 2026-02-28T18:21:08.133Z - GET /api/auth/verify
[32minfo[39m: 获取评价配置成功 {"timestamp":"2026-03-01 02:21:08"}
[32minfo[39m: 获取年度评价配置成功 {"timestamp":"2026-03-01 02:21:08"}
[32minfo[39m: 📊 统计数据API调用，data_type参数: purchase {"timestamp":"2026-03-01 02:21:08"}
[32minfo[39m: 📊 查询条件: {"data_type":"purchase","timestamp":"2026-03-01 02:21:08"}
[32minfo[39m: 📊 按类型筛选的供应商数: 45 {"timestamp":"2026-03-01 02:21:08"}
[32minfo[39m: 获取评价配置成功 {"timestamp":"2026-03-01 02:21:08"}
[32minfo[39m: 获取评价配置成功 {"timestamp":"2026-03-01 02:21:08"}
[32minfo[39m: 获取评价配置成功 {"timestamp":"2026-03-01 02:21:08"}
[32minfo[39m: 获取评价配置成功 {"timestamp":"2026-03-01 02:21:08"}
📋 获取文档类型列表...
✅ 返回 5 个文档类型
📋 获取文档类型列表...
✅ 返回 5 个文档类型
📋 获取文档类型列表...
✅ 返回 5 个文档类型
📋 获取文档类型列表...
✅ 返回 8 个文档类型
🌐 2026-02-28T18:23:02.598Z - GET /api/auth/verify
[32minfo[39m: 获取评价配置成功 {"timestamp":"2026-03-01 02:23:02"}
🌐 2026-02-28T18:23:02.608Z - GET /api/auth/verify
[32minfo[39m: 获取年度评价配置成功 {"timestamp":"2026-03-01 02:23:02"}
[32minfo[39m: 📊 统计数据API调用，data_type参数: purchase {"timestamp":"2026-03-01 02:23:02"}
[32minfo[39m: 📊 查询条件: {"data_type":"purchase","timestamp":"2026-03-01 02:23:02"}
[32minfo[39m: 📊 按类型筛选的供应商数: 45 {"timestamp":"2026-03-01 02:23:02"}
[32minfo[39m: 获取评价配置成功 {"timestamp":"2026-03-01 02:23:02"}
[32minfo[39m: 获取评价配置成功 {"timestamp":"2026-03-01 02:23:02"}
[32minfo[39m: 获取评价配置成功 {"timestamp":"2026-03-01 02:23:02"}
[32minfo[39m: 获取评价配置成功 {"timestamp":"2026-03-01 02:23:02"}
📋 获取文档类型列表...
✅ 返回 5 个文档类型
📋 获取文档类型列表...
✅ 返回 8 个文档类型
🌐 2026-02-28T18:32:24.253Z - GET /api/auth/verify
🌐 2026-02-28T18:32:24.254Z - GET /api/auth/verify
[32minfo[39m: 获取评价配置成功 {"timestamp":"2026-03-01 02:32:24"}
[32minfo[39m: 获取年度评价配置成功 {"timestamp":"2026-03-01 02:32:24"}
[32minfo[39m: 📊 统计数据API调用，data_type参数: purchase {"timestamp":"2026-03-01 02:32:24"}
[32minfo[39m: 📊 查询条件: {"data_type":"purchase","timestamp":"2026-03-01 02:32:24"}
[32minfo[39m: 📊 按类型筛选的供应商数: 45 {"timestamp":"2026-03-01 02:32:24"}
[32minfo[39m: 获取评价配置成功 {"timestamp":"2026-03-01 02:32:24"}
[32minfo[39m: 获取评价配置成功 {"timestamp":"2026-03-01 02:32:24"}
[32minfo[39m: 获取评价配置成功 {"timestamp":"2026-03-01 02:32:24"}
[32minfo[39m: 获取评价配置成功 {"timestamp":"2026-03-01 02:32:24"}
📋 获取文档类型列表...
✅ 返回 5 个文档类型
📋 获取文档类型列表...
✅ 返回 5 个文档类型
📋 获取文档类型列表...
✅ 返回 5 个文档类型
📋 获取文档类型列表...
✅ 返回 3 个文档类型
📋 获取文档类型列表...
✅ 返回 8 个文档类型
🌐 2026-02-28T18:33:07.132Z - GET /api/auth/verify
[32minfo[39m: 获取评价配置成功 {"timestamp":"2026-03-01 02:33:07"}
🌐 2026-02-28T18:33:07.135Z - GET /api/auth/verify
[32minfo[39m: 获取年度评价配置成功 {"timestamp":"2026-03-01 02:33:07"}
[32minfo[39m: 📊 统计数据API调用，data_type参数: purchase {"timestamp":"2026-03-01 02:33:07"}
[32minfo[39m: 📊 查询条件: {"data_type":"purchase","timestamp":"2026-03-01 02:33:07"}
[32minfo[39m: 📊 按类型筛选的供应商数: 45 {"timestamp":"2026-03-01 02:33:07"}
[32minfo[39m: 获取评价配置成功 {"timestamp":"2026-03-01 02:33:07"}
[32minfo[39m: 获取评价配置成功 {"timestamp":"2026-03-01 02:33:07"}
[32minfo[39m: 获取评价配置成功 {"timestamp":"2026-03-01 02:33:07"}
[32minfo[39m: 获取评价配置成功 {"timestamp":"2026-03-01 02:33:07"}
📋 获取文档类型列表...
✅ 返回 5 个文档类型
📋 获取文档类型列表...
✅ 返回 5 个文档类型
📋 获取文档类型列表...
✅ 返回 5 个文档类型
📋 获取文档类型列表...
✅ 返回 5 个文档类型
📋 获取文档类型列表...
✅ 返回 3 个文档类型
📋 获取文档类型列表...
✅ 返回 3 个文档类型
🔍 查询构成列表，物料ID: 1
🔍 查询到的原始构成数据: []
🔍 构成数量: 0
🔍 查询构成列表，物料ID: 1
🔍 查询到的原始构成数据: []
🔍 构成数量: 0
📋 获取文档类型列表...
✅ 返回 8 个文档类型
🌐 2026-02-28T18:36:17.469Z - GET /api/auth/verify
🌐 2026-02-28T18:36:17.470Z - GET /api/auth/verify
[32minfo[39m: 获取评价配置成功 {"timestamp":"2026-03-01 02:36:17"}
[32minfo[39m: 获取年度评价配置成功 {"timestamp":"2026-03-01 02:36:17"}
[32minfo[39m: 📊 统计数据API调用，data_type参数: purchase {"timestamp":"2026-03-01 02:36:17"}
[32minfo[39m: 📊 查询条件: {"data_type":"purchase","timestamp":"2026-03-01 02:36:17"}
[32minfo[39m: 📊 按类型筛选的供应商数: 45 {"timestamp":"2026-03-01 02:36:17"}
[32minfo[39m: 获取评价配置成功 {"timestamp":"2026-03-01 02:36:17"}
[32minfo[39m: 获取评价配置成功 {"timestamp":"2026-03-01 02:36:17"}
[32minfo[39m: 获取评价配置成功 {"timestamp":"2026-03-01 02:36:17"}
[32minfo[39m: 获取评价配置成功 {"timestamp":"2026-03-01 02:36:17"}
📋 获取文档类型列表...
✅ 返回 5 个文档类型
📋 获取文档类型列表...
✅ 返回 5 个文档类型
📋 获取文档类型列表...
✅ 返回 5 个文档类型
📋 获取文档类型列表...
✅ 返回 8 个文档类型
🌐 2026-02-28T18:38:24.392Z - GET /api/auth/verify
🌐 2026-02-28T18:38:24.393Z - GET /api/auth/verify
[32minfo[39m: 获取评价配置成功 {"timestamp":"2026-03-01 02:38:24"}
[32minfo[39m: 获取年度评价配置成功 {"timestamp":"2026-03-01 02:38:24"}
[32minfo[39m: 📊 统计数据API调用，data_type参数: purchase {"timestamp":"2026-03-01 02:38:24"}
[32minfo[39m: 📊 查询条件: {"data_type":"purchase","timestamp":"2026-03-01 02:38:24"}
[32minfo[39m: 📊 按类型筛选的供应商数: 45 {"timestamp":"2026-03-01 02:38:24"}
[32minfo[39m: 获取评价配置成功 {"timestamp":"2026-03-01 02:38:24"}
[32minfo[39m: 获取评价配置成功 {"timestamp":"2026-03-01 02:38:24"}
[32minfo[39m: 获取评价配置成功 {"timestamp":"2026-03-01 02:38:24"}
[32minfo[39m: 获取评价配置成功 {"timestamp":"2026-03-01 02:38:24"}
📋 获取文档类型列表...
✅ 返回 5 个文档类型
📋 获取文档类型列表...
✅ 返回 5 个文档类型
📋 获取文档类型列表...
✅ 返回 5 个文档类型
📋 获取文档类型列表...
✅ 返回 5 个文档类型
📋 获取文档类型列表...
✅ 返回 3 个文档类型
📋 获取文档类型列表...
✅ 返回 5 个文档类型
📋 获取文档类型列表...
✅ 返回 8 个文档类型
🌐 2026-02-28T18:44:27.269Z - GET /api/auth/verify
🌐 2026-02-28T18:44:27.270Z - GET /api/auth/verify
[32minfo[39m: 获取评价配置成功 {"timestamp":"2026-03-01 02:44:27"}
[32minfo[39m: 获取年度评价配置成功 {"timestamp":"2026-03-01 02:44:27"}
[32minfo[39m: 📊 统计数据API调用，data_type参数: purchase {"timestamp":"2026-03-01 02:44:27"}
[32minfo[39m: 📊 查询条件: {"data_type":"purchase","timestamp":"2026-03-01 02:44:27"}
[32minfo[39m: 📊 按类型筛选的供应商数: 45 {"timestamp":"2026-03-01 02:44:27"}
[32minfo[39m: 获取评价配置成功 {"timestamp":"2026-03-01 02:44:27"}
[32minfo[39m: 获取评价配置成功 {"timestamp":"2026-03-01 02:44:27"}
[32minfo[39m: 获取评价配置成功 {"timestamp":"2026-03-01 02:44:27"}
[32minfo[39m: 获取评价配置成功 {"timestamp":"2026-03-01 02:44:27"}
📋 获取文档类型列表...
✅ 返回 5 个文档类型
📋 获取文档类型列表...
✅ 返回 5 个文档类型
📋 获取文档类型列表...
✅ 返回 8 个文档类型
🌐 2026-02-28T18:54:43.030Z - GET /api/auth/verify
🌐 2026-02-28T18:54:43.039Z - GET /api/auth/verify
[32minfo[39m: 获取评价配置成功 {"timestamp":"2026-03-01 02:54:43"}
[32minfo[39m: 📊 统计数据API调用，data_type参数: purchase {"timestamp":"2026-03-01 02:54:43"}
[32minfo[39m: 📊 查询条件: {"data_type":"purchase","timestamp":"2026-03-01 02:54:43"}
[32minfo[39m: 📊 按类型筛选的供应商数: 45 {"timestamp":"2026-03-01 02:54:43"}
[32minfo[39m: 获取年度评价配置成功 {"timestamp":"2026-03-01 02:54:43"}
[32minfo[39m: 获取评价配置成功 {"timestamp":"2026-03-01 02:54:43"}
[32minfo[39m: 获取评价配置成功 {"timestamp":"2026-03-01 02:54:43"}
[32minfo[39m: 获取评价配置成功 {"timestamp":"2026-03-01 02:54:43"}
[32minfo[39m: 获取评价配置成功 {"timestamp":"2026-03-01 02:54:43"}
📋 获取文档类型列表...
✅ 返回 8 个文档类型
🌐 2026-02-28T18:55:12.955Z - GET /api/auth/verify
[32minfo[39m: 获取评价配置成功 {"timestamp":"2026-03-01 02:55:12"}
🌐 2026-02-28T18:55:12.956Z - GET /api/auth/verify
[32minfo[39m: 获取年度评价配置成功 {"timestamp":"2026-03-01 02:55:12"}
[32minfo[39m: 📊 统计数据API调用，data_type参数: purchase {"timestamp":"2026-03-01 02:55:12"}
[32minfo[39m: 📊 查询条件: {"data_type":"purchase","timestamp":"2026-03-01 02:55:12"}
[32minfo[39m: 📊 按类型筛选的供应商数: 45 {"timestamp":"2026-03-01 02:55:12"}
[32minfo[39m: 获取评价配置成功 {"timestamp":"2026-03-01 02:55:12"}
[32minfo[39m: 获取评价配置成功 {"timestamp":"2026-03-01 02:55:12"}
[32minfo[39m: 获取评价配置成功 {"timestamp":"2026-03-01 02:55:13"}
[32minfo[39m: 获取评价配置成功 {"timestamp":"2026-03-01 02:55:13"}
📋 获取文档类型列表...
✅ 返回 5 个文档类型
📋 获取文档类型列表...
✅ 返回 5 个文档类型
✅ 资料类型验证通过: doc_type_002 (common)
📈 自动递增版本号: doc_type_002 -> v2
🔍 检查物料信息: materialId=undefined
⚠️ materialId为空
✅ 从动态配置获取类型名称: doc_type_002 -> MSDS安全数据表
🔍 检查构成信息: detectionType=undefined, componentId=undefined
📊 准备插入数据库记录: {
  supplierId: '30',
  level: 'supplier',
  documentType: 'doc_type_002',
  documentName: '供应商考核表 (1).xlsx',
  filePath: '/Users/owen/ai项目/sqe/资料档案/百川兴/通用资料/百川兴_MSDS安全数据表_v2_2026-02-28.xlsx',
  fileSize: 7273,
  version: 2
}
📊 数据库插入结果: {
  changes: 1,
  documentId: 3,
  result: [ undefined, Statement { lastID: 3, changes: 1 } ]
}
📋 获取文档类型列表...
✅ 返回 5 个文档类型
📋 获取文档类型列表...
✅ 返回 3 个文档类型
